test_assessment_reversal_conditional (tests_r3.test_engine.EngineTests.test_assessment_reversal_conditional) ... ok
test_cli_round_trip_and_safe_overwrite_rejection (tests_r3.test_engine.EngineTests.test_cli_round_trip_and_safe_overwrite_rejection) ... ok
test_data_text_is_never_executed (tests_r3.test_engine.EngineTests.test_data_text_is_never_executed) ... ok
test_deadline_abort_invalidates (tests_r3.test_engine.EngineTests.test_deadline_abort_invalidates) ... ok
test_dominance_requires_all_scenarios (tests_r3.test_engine.EngineTests.test_dominance_requires_all_scenarios) ... ok
test_duplicate_pair_and_dangling_ref_rejected (tests_r3.test_engine.EngineTests.test_duplicate_pair_and_dangling_ref_rejected) ... ok
test_equality_and_strict_order_conflict_preserves_candidates (tests_r3.test_engine.EngineTests.test_equality_and_strict_order_conflict_preserves_candidates) ... ok
test_expired_action_cannot_request_information (tests_r3.test_engine.EngineTests.test_expired_action_cannot_request_information) ... ok
test_exploratory_assessment_cannot_eliminate_alternative (tests_r3.test_engine.EngineTests.test_exploratory_assessment_cannot_eliminate_alternative) ... ok
test_exploratory_or_wrong_patch_not_confirmed (tests_r3.test_engine.EngineTests.test_exploratory_or_wrong_patch_not_confirmed) ... ok
test_impossible_action_not_alternative (tests_r3.test_engine.EngineTests.test_impossible_action_not_alternative) ... ok
test_information_request_filters_inactive_targets (tests_r3.test_engine.EngineTests.test_information_request_filters_inactive_targets) ... ok
test_missing_comparison_not_equivalence (tests_r3.test_engine.EngineTests.test_missing_comparison_not_equivalence) ... ok
test_missing_does_not_become_danger (tests_r3.test_engine.EngineTests.test_missing_does_not_become_danger) ... ok
test_outcome_does_not_change_decision_evaluation (tests_r3.test_engine.EngineTests.test_outcome_does_not_change_decision_evaluation) ... ok
test_production_modes_and_implicit_test_blocked (tests_r3.test_engine.EngineTests.test_production_modes_and_implicit_test_blocked) ... ok
test_request_minimum_only_before_deadline (tests_r3.test_engine.EngineTests.test_request_minimum_only_before_deadline) ... ok
test_same_source_removal_cannot_strengthen_sufficiency (tests_r3.test_engine.EngineTests.test_same_source_removal_cannot_strengthen_sufficiency) ... ok
test_sufficient_unfavorable_does_not_ask_for_more (tests_r3.test_engine.EngineTests.test_sufficient_unfavorable_does_not_ask_for_more) ... ok
test_unknown_relation_blocks_exclusion (tests_r3.test_engine.EngineTests.test_unknown_relation_blocks_exclusion) ... ok
test_unsupported_scenario_cannot_produce_sufficient (tests_r3.test_engine.EngineTests.test_unsupported_scenario_cannot_produce_sufficient) ... ok
test_wait_growth_cost_can_reverse_preference (tests_r3.test_engine.EngineTests.test_wait_growth_cost_can_reverse_preference) ... ok
test_cast_is_not_cooldown_and_cs_not_wave (tests_r3.test_state.StateTests.test_cast_is_not_cooldown_and_cs_not_wave) ... ok
test_conflicting_lineage_not_laundered (tests_r3.test_state.StateTests.test_conflicting_lineage_not_laundered) ... ok
test_cross_session_rejected (tests_r3.test_state.StateTests.test_cross_session_rejected) ... ok
test_current_position_expires_without_ttl_guess (tests_r3.test_state.StateTests.test_current_position_expires_without_ttl_guess) ... ok
test_delayed_older_observation_cannot_overwrite (tests_r3.test_state.StateTests.test_delayed_older_observation_cannot_overwrite) ... ok
test_duplicate_idempotency_and_input_order (tests_r3.test_state.StateTests.test_duplicate_idempotency_and_input_order) ... ok
test_future_excluded (tests_r3.test_state.StateTests.test_future_excluded) ... ok
test_hidden_observer_does_not_override_visible_state (tests_r3.test_state.StateTests.test_hidden_observer_does_not_override_visible_state) ... ok
test_id_collision_quarantines_both_keys (tests_r3.test_state.StateTests.test_id_collision_quarantines_both_keys) ... ok
test_independent_source_group_deduplicated (tests_r3.test_state.StateTests.test_independent_source_group_deduplicated) ... ok
test_last_seen_does_not_populate_current_location (tests_r3.test_state.StateTests.test_last_seen_does_not_populate_current_location) ... ok
test_late_review_keeps_player_visible_scene (tests_r3.test_state.StateTests.test_late_review_keeps_player_visible_scene) ... ok
test_later_event_cannot_support_earlier_historical_derivation (tests_r3.test_state.StateTests.test_later_event_cannot_support_earlier_historical_derivation) ... ok
test_manual_and_inferred_not_facts (tests_r3.test_state.StateTests.test_manual_and_inferred_not_facts) ... ok
test_missing_is_unknown_not_zero (tests_r3.test_state.StateTests.test_missing_is_unknown_not_zero) ... ok
test_missing_or_hidden_lineage_not_laundered (tests_r3.test_state.StateTests.test_missing_or_hidden_lineage_not_laundered) ... ok
test_missing_provenance_nonfinite_or_naive_time_rejected (tests_r3.test_state.StateTests.test_missing_provenance_nonfinite_or_naive_time_rejected) ... ok
test_patch_and_clock_mismatch_not_known (tests_r3.test_state.StateTests.test_patch_and_clock_mismatch_not_known) ... ok
test_same_time_conflict_preserved (tests_r3.test_state.StateTests.test_same_time_conflict_preserved) ... ok
test_snapshot_immutable_and_new_revision (tests_r3.test_state.StateTests.test_snapshot_immutable_and_new_revision) ... ok
test_bad_json_and_redirect_refused (tests_r4.test_capture.CaptureTests.test_bad_json_and_redirect_refused) ... ok
test_raw_preservation_and_no_promotion (tests_r4.test_capture.CaptureTests.test_raw_preservation_and_no_promotion) ... ok
test_auth_host_and_origin (tests_r4.test_http.HTTPTests.test_auth_host_and_origin) ... ok
test_duplicate_keys_and_nonfinite_json_rejected (tests_r4.test_http.HTTPTests.test_duplicate_keys_and_nonfinite_json_rejected) ... ok
test_end_to_end_persist_review_and_delete (tests_r4.test_http.HTTPTests.test_end_to_end_persist_review_and_delete) ... ok
test_limits_and_real_mode_rejected (tests_r4.test_http.HTTPTests.test_limits_and_real_mode_rejected) ... ok
test_put_idempotency_and_stale_revision (tests_r4.test_http.HTTPTests.test_put_idempotency_and_stale_revision) ... ok
test_queue_recovery_exceeding_worker_capacity (tests_r4.test_http.HTTPTests.test_queue_recovery_exceeding_worker_capacity) ... ok
test_second_server_cannot_recover_active_database (tests_r4.test_http.HTTPTests.test_second_server_cannot_recover_active_database) ... ok
test_static_security_and_no_path_traversal (tests_r4.test_http.HTTPTests.test_static_security_and_no_path_traversal) ... ok
test_backup_and_restore (tests_r4.test_storage.StorageTests.test_backup_and_restore) ... ok
test_cancel_during_compute_never_publishes (tests_r4.test_storage.StorageTests.test_cancel_during_compute_never_publishes) ... ok
test_delete_during_compute_never_resurrects (tests_r4.test_storage.StorageTests.test_delete_during_compute_never_resurrects) ... ok
test_failure_has_no_raw_payload (tests_r4.test_storage.StorageTests.test_failure_has_no_raw_payload) ... ok
test_idempotency_and_stale_revision (tests_r4.test_storage.StorageTests.test_idempotency_and_stale_revision) ... ok
test_jobs_persist_results_and_stale (tests_r4.test_storage.StorageTests.test_jobs_persist_results_and_stale) ... ok
test_mode_patch_and_validation_failure_rollback (tests_r4.test_storage.StorageTests.test_mode_patch_and_validation_failure_rollback) ... ok
test_queued_cancellation_is_not_executed (tests_r4.test_storage.StorageTests.test_queued_cancellation_is_not_executed) ... ok
test_restart_recovers_interrupted_only (tests_r4.test_storage.StorageTests.test_restart_recovers_interrupted_only) ... ok
test_same_version_wrong_shape_is_refused (tests_r4.test_storage.StorageTests.test_same_version_wrong_shape_is_refused) ... ok
test_schema_refusal_preserves_data (tests_r4.test_storage.StorageTests.test_schema_refusal_preserves_data) ... ok
test_acquire_preserves_raw_and_receipt (tests_r5.test_intake.IntakeTests.test_acquire_preserves_raw_and_receipt) ... ok
test_acquire_reports_failure_without_fake_receipt (tests_r5.test_intake.IntakeTests.test_acquire_reports_failure_without_fake_receipt) ... ok
test_ambiguous_and_nonfinite_json_rejected (tests_r5.test_intake.IntakeTests.test_ambiguous_and_nonfinite_json_rejected) ... ok
test_exclusive_write_preserves_prior (tests_r5.test_intake.IntakeTests.test_exclusive_write_preserves_prior) ... ok
test_fixed_endpoint_and_ca_gate (tests_r5.test_intake.IntakeTests.test_fixed_endpoint_and_ca_gate) ... ok
test_future_end_and_duplicate_event_do_not_verify_end (tests_r5.test_intake.IntakeTests.test_future_end_and_duplicate_event_do_not_verify_end) ... ok
test_hash_tamper_rejected (tests_r5.test_intake.IntakeTests.test_hash_tamper_rejected) ... ok
test_invalid_field_cannot_leak_identifier (tests_r5.test_intake.IntakeTests.test_invalid_field_cannot_leak_identifier) ... ok
test_missing_null_wrong_type_are_distinct (tests_r5.test_intake.IntakeTests.test_missing_null_wrong_type_are_distinct) ... ok
test_sample_never_promoted (tests_r5.test_intake.IntakeTests.test_sample_never_promoted) ... ok
test_zero_is_not_missing_and_bool_is_not_numeric (tests_r5.test_intake.IntakeTests.test_zero_is_not_missing_and_bool_is_not_numeric) ... ok
test_matching_ca_accepted_and_environment_proxy_ignored (tests_r5.test_transport.LocalSyntheticTransportTests.test_matching_ca_accepted_and_environment_proxy_ignored) ... ok
test_redirect_refused_without_followup_request (tests_r5.test_transport.LocalSyntheticTransportTests.test_redirect_refused_without_followup_request) ... ok
test_untrusted_certificate_rejected_before_payload (tests_r5.test_transport.LocalSyntheticTransportTests.test_untrusted_certificate_rejected_before_payload) ... ok
test_bad_timing_and_empty_rejected (tests_r5.test_video.VideoTests.test_bad_timing_and_empty_rejected) ... ok
test_candidates_are_speech_not_events (tests_r5.test_video.VideoTests.test_candidates_are_speech_not_events) ... ok
test_future_outcome_not_merged_into_prior (tests_r5.test_video.VideoTests.test_future_outcome_not_merged_into_prior) ... ok
test_hour_timestamp_and_equal_times (tests_r5.test_video.VideoTests.test_hour_timestamp_and_equal_times) ... ok
test_id_mismatch_rejected (tests_r5.test_video.VideoTests.test_id_mismatch_rejected) ... ok
test_auth_and_client_cannot_assert_verified_report (tests_r6.test_api.ResearchAPITests.test_auth_and_client_cannot_assert_verified_report) ... ok
test_bad_transcript_does_not_create_resource (tests_r6.test_api.ResearchAPITests.test_bad_transcript_does_not_create_resource) ... ok
test_examples_deduplicate_and_never_activate (tests_r6.test_api.ResearchAPITests.test_examples_deduplicate_and_never_activate) ... ok
test_note_save_conflict_and_delete (tests_r6.test_api.ResearchAPITests.test_note_save_conflict_and_delete) ... ok
test_raw_import_does_not_save_identifiers_or_claimed_mode (tests_r6.test_api.ResearchAPITests.test_raw_import_does_not_save_identifiers_or_claimed_mode) ... ok
test_anchor_and_resource_checks (tests_r6.test_research.ResearchTests.test_anchor_and_resource_checks) ... ok
test_concurrent_compare_and_swap (tests_r6.test_research.ResearchTests.test_concurrent_compare_and_swap) ... ok
test_delete_cascades_history (tests_r6.test_research.ResearchTests.test_delete_cascades_history) ... ok
test_foreign_or_wrong_shape_database_refused (tests_r6.test_research.ResearchTests.test_foreign_or_wrong_shape_database_refused) ... ok
test_idempotence_canonical_order_title_excluded (tests_r6.test_research.ResearchTests.test_idempotence_canonical_order_title_excluded) ... ok
test_incompatible_schema_refused_unchanged (tests_r6.test_research.ResearchTests.test_incompatible_schema_refused_unchanged) ... ok
test_invalid_payload_or_revision_no_partial_write (tests_r6.test_research.ResearchTests.test_invalid_payload_or_revision_no_partial_write) ... ok
test_non_json_reports_and_titles_rejected (tests_r6.test_research.ResearchTests.test_non_json_reports_and_titles_rejected) ... ok
test_note_defaults_revision_history_restart (tests_r6.test_research.ResearchTests.test_note_defaults_revision_history_restart) ... ok
test_document_reference_and_no_promotion (tests_r7.test_audit.ExtractionTests.test_document_reference_and_no_promotion) ... ok
test_metadata_not_readiness_or_coordinates (tests_r7.test_audit.ExtractionTests.test_metadata_not_readiness_or_coordinates) ... ok
test_mismatched_source_hash_rejected (tests_r7.test_audit.ExtractionTests.test_mismatched_source_hash_rejected) ... ok
test_wrong_container_null_missing_and_empty_are_distinct (tests_r7.test_audit.ExtractionTests.test_wrong_container_null_missing_and_empty_are_distinct) ... ok
test_zero_health_is_not_missing_and_zero_capacity_not_fraction (tests_r7.test_audit.ExtractionTests.test_zero_health_is_not_missing_and_zero_capacity_not_fraction) ... ok
test_future_and_ground_truth_do_not_change_player_decision (tests_r7.test_audit.StateDecisionTests.test_future_and_ground_truth_do_not_change_player_decision) ... ok
test_good_outcome_does_not_rescue_bad_decision_or_state (tests_r7.test_audit.StateDecisionTests.test_good_outcome_does_not_rescue_bad_decision_or_state) ... ok
test_invalid_or_hidden_lineage_blocks_strategic_promotion (tests_r7.test_audit.StateDecisionTests.test_invalid_or_hidden_lineage_blocks_strategic_promotion) ... ok
test_reference_gate_truth_is_never_reference_substitute (tests_r7.test_audit.StateDecisionTests.test_reference_gate_truth_is_never_reference_substitute) ... ok
test_self_declared_reference_cannot_enter_real_denominator (tests_r7.test_audit.StateDecisionTests.test_self_declared_reference_cannot_enter_real_denominator) ... ok
test_synthetic_extraction_to_existing_state_engine (tests_r7.test_audit.StateDecisionTests.test_synthetic_extraction_to_existing_state_engine) ... ok
test_cheaper_verified_source_avoids_vision (tests_r7.test_audit.SufficiencyTests.test_cheaper_verified_source_avoids_vision) ... ok
test_information_growth_and_own_feasibility_required (tests_r7.test_audit.SufficiencyTests.test_information_growth_and_own_feasibility_required) ... ok
test_uncertainty_or_missing_cannot_strengthen (tests_r7.test_audit.SufficiencyTests.test_uncertainty_or_missing_cannot_strengthen) ... ok
test_unverified_source_not_reused_and_vision_selective (tests_r7.test_audit.SufficiencyTests.test_unverified_source_not_reused_and_vision_selective) ... ok

----------------------------------------------------------------------
Ran 111 tests in 8.237s

OK
