test_actual_empty_main_v2_roundtrip_keeps_two_database_format1 (tests_mvp.test_draft_backup.DraftBackupTests.test_actual_empty_main_v2_roundtrip_keeps_two_database_format1) ... ok
test_backup_restore_do_not_construct_stores_recover_jobs_or_run_engine (tests_mvp.test_draft_backup.DraftBackupTests.test_backup_restore_do_not_construct_stores_recover_jobs_or_run_engine) ... ok
test_committed_main_v2_wal_snapshots_are_copied_without_source_checkpoint (tests_mvp.test_draft_backup.DraftBackupTests.test_committed_main_v2_wal_snapshots_are_copied_without_source_checkpoint) ... ok
test_deleted_draft_payloads_are_absent_and_tombstones_do_not_identify_operator (tests_mvp.test_draft_backup.DraftBackupTests.test_deleted_draft_payloads_are_absent_and_tombstones_do_not_identify_operator) ... ok
test_existing_v2_archive_and_destination_are_never_overwritten (tests_mvp.test_draft_backup.DraftBackupTests.test_existing_v2_archive_and_destination_are_never_overwritten) ... ok
test_hash_verification_precedes_main_schema_metadata_crosscheck (tests_mvp.test_draft_backup.DraftBackupTests.test_hash_verification_precedes_main_schema_metadata_crosscheck) ... ok
test_invalid_v2_source_content_fails_without_archive_or_source_mutation (tests_mvp.test_draft_backup.DraftBackupTests.test_invalid_v2_source_content_fails_without_archive_or_source_mutation) ... ok
test_main_v2_claim_without_physical_draft_tables_never_publishes (tests_mvp.test_draft_backup.DraftBackupTests.test_main_v2_claim_without_physical_draft_tables_never_publishes) ... ok
test_main_v2_does_not_relax_existing_test_only_case_and_job_validation (tests_mvp.test_draft_backup.DraftBackupTests.test_main_v2_does_not_relax_existing_test_only_case_and_job_validation) ... ok
test_rehashed_v2_cross_column_revision_title_and_legacy_collision_are_rejected (tests_mvp.test_draft_backup.DraftBackupTests.test_rehashed_v2_cross_column_revision_title_and_legacy_collision_are_rejected) ... ok
test_rehashed_v2_foreign_key_and_stored_parent_identity_failures_are_rejected (tests_mvp.test_draft_backup.DraftBackupTests.test_rehashed_v2_foreign_key_and_stored_parent_identity_failures_are_rejected) ... ok
test_rehashed_v2_hash_identity_timestamp_or_coaching_promotion_is_rejected (tests_mvp.test_draft_backup.DraftBackupTests.test_rehashed_v2_hash_identity_timestamp_or_coaching_promotion_is_rejected) ... ok
test_rehashed_v2_malformed_duplicate_or_nonobject_json_is_rejected (tests_mvp.test_draft_backup.DraftBackupTests.test_rehashed_v2_malformed_duplicate_or_nonobject_json_is_rejected) ... ok
test_rehashed_v2_schema_objects_and_removed_parent_or_session_fk_are_rejected (tests_mvp.test_draft_backup.DraftBackupTests.test_rehashed_v2_schema_objects_and_removed_parent_or_session_fk_are_rejected) ... ok
test_rehashed_v2_typed_capture_constraints_are_checked_even_with_matching_hash (tests_mvp.test_draft_backup.DraftBackupTests.test_rehashed_v2_typed_capture_constraints_are_checked_even_with_matching_hash) ... ok
test_supported_main_metadata_must_equal_actual_version_in_both_directions (tests_mvp.test_draft_backup.DraftBackupTests.test_supported_main_metadata_must_equal_actual_version_in_both_directions) ... ok
test_unsupported_schema_or_boolean_metadata_is_rejected (tests_mvp.test_draft_backup.DraftBackupTests.test_unsupported_schema_or_boolean_metadata_is_rejected) ... ok
test_v2_history_nulls_unicode_and_legacy_running_job_roundtrip_for_both_research_versions (tests_mvp.test_draft_backup.DraftBackupTests.test_v2_history_nulls_unicode_and_legacy_running_job_roundtrip_for_both_research_versions) ... ok
test_valid_v1_archive_stays_v1_without_implicit_draft_migration (tests_mvp.test_draft_backup.DraftBackupTests.test_valid_v1_archive_stays_v1_without_implicit_draft_migration) ... ok

----------------------------------------------------------------------
Ran 19 tests in 0.225s

OK
