test_anchor_rules_are_existing_rules (tests_mvp.test_note_history.NoteHistoryTests.test_anchor_rules_are_existing_rules) ... ok
test_budget_is_exact_positive_operational_integer (tests_mvp.test_note_history.NoteHistoryTests.test_budget_is_exact_positive_operational_integer) ... ok
test_exact_index_budget_boundary_no_truncation (tests_mvp.test_note_history.NoteHistoryTests.test_exact_index_budget_boundary_no_truncation) ... ok
test_exact_preview_utf8_budget_boundary (tests_mvp.test_note_history.NoteHistoryTests.test_exact_preview_utf8_budget_boundary) ... ok
test_gaps_do_not_generate_missing_versions (tests_mvp.test_note_history.NoteHistoryTests.test_gaps_do_not_generate_missing_versions) ... ok
test_invalid_saved_payload_fails_closed_without_mutation (tests_mvp.test_note_history.NoteHistoryTests.test_invalid_saved_payload_fails_closed_without_mutation) ... ok
test_invalid_stored_revision_fails_without_rewriting_it (tests_mvp.test_note_history.NoteHistoryTests.test_invalid_stored_revision_fails_without_rewriting_it) ... ok
test_missing_resource_fails_for_both_reads (tests_mvp.test_note_history.NoteHistoryTests.test_missing_resource_fails_for_both_reads) ... ok
test_preview_latest_is_exact_saved_row (tests_mvp.test_note_history.NoteHistoryTests.test_preview_latest_is_exact_saved_row) ... ok
test_preview_old_revision_retains_exact_unicode_values (tests_mvp.test_note_history.NoteHistoryTests.test_preview_old_revision_retains_exact_unicode_values) ... ok
test_read_only_keeps_rows_latest_and_cas_target (tests_mvp.test_note_history.NoteHistoryTests.test_read_only_keeps_rows_latest_and_cas_target) ... ok
test_response_does_not_invent_author_or_timestamps (tests_mvp.test_note_history.NoteHistoryTests.test_response_does_not_invent_author_or_timestamps) ... ok
test_revision_requires_canonical_positive_decimal_string (tests_mvp.test_note_history.NoteHistoryTests.test_revision_requires_canonical_positive_decimal_string) ... ok
test_saved_history_is_actual_descending_ids (tests_mvp.test_note_history.NoteHistoryTests.test_saved_history_is_actual_descending_ids) ... ok
test_source_deletion_removes_history_no_read_resurrection (tests_mvp.test_note_history.NoteHistoryTests.test_source_deletion_removes_history_no_read_resurrection) ... ok
test_unrepresentable_positive_revision_is_404_without_overflow (tests_mvp.test_note_history.NoteHistoryTests.test_unrepresentable_positive_revision_is_404_without_overflow) ... ok
test_unsaved_note_has_no_invented_revision (tests_mvp.test_note_history.NoteHistoryTests.test_unsaved_note_has_no_invented_revision) ... ok
test_valid_but_missing_revision_is_404 (tests_mvp.test_note_history.NoteHistoryTests.test_valid_but_missing_revision_is_404) ... ok
test_video_overview_and_actual_zero_or_two_cue_are_distinct (tests_mvp.test_note_history.NoteHistoryTests.test_video_overview_and_actual_zero_or_two_cue_are_distinct) ... ok

----------------------------------------------------------------------
Ran 19 tests in 0.041s

OK
