test_2000_unicode_characters_are_allowed_without_invented_numeric_stats (tests_mvp.test_knowledge.KnowledgeTests.test_2000_unicode_characters_are_allowed_without_invented_numeric_stats) ... ok
test_actual_pre_migration_snapshot_hash_permissions_and_recovery (tests_mvp.test_knowledge.KnowledgeTests.test_actual_pre_migration_snapshot_hash_permissions_and_recovery) ... ok
test_cas_rejects_another_rules_version (tests_mvp.test_knowledge.KnowledgeTests.test_cas_rejects_another_rules_version) ... ok
test_client_cannot_promote_status_or_spoof_server_fields (tests_mvp.test_knowledge.KnowledgeTests.test_client_cannot_promote_status_or_spoof_server_fields) ... ok
test_concurrent_versions_have_one_winner_and_no_fork (tests_mvp.test_knowledge.KnowledgeTests.test_concurrent_versions_have_one_winner_and_no_fork) ... ok
test_corrupted_payload_status_hash_or_columns_are_rejected_not_repaired (tests_mvp.test_knowledge.KnowledgeTests.test_corrupted_payload_status_hash_or_columns_are_rejected_not_repaired) ... ok
test_deletion_receipt_contains_only_random_identity_and_actual_count (tests_mvp.test_knowledge.KnowledgeTests.test_deletion_receipt_contains_only_random_identity_and_actual_count) ... ok
test_fresh_store_and_v2_restart_preserve_proposals (tests_mvp.test_knowledge.KnowledgeTests.test_fresh_store_and_v2_restart_preserve_proposals) ... ok
test_invalid_legacy_content_rejected_before_any_v2_ddl (tests_mvp.test_knowledge.KnowledgeTests.test_invalid_legacy_content_rejected_before_any_v2_ddl) ... ok
test_list_and_exact_preview_are_read_only_and_show_actual_current (tests_mvp.test_knowledge.KnowledgeTests.test_list_and_exact_preview_are_read_only_and_show_actual_current) ... ok
test_manual_fields_require_explicit_nonblank_values_and_strict_types (tests_mvp.test_knowledge.KnowledgeTests.test_manual_fields_require_explicit_nonblank_values_and_strict_types) ... ok
test_midchain_source_delete_keeps_ancestor_and_new_identity_is_not_reused (tests_mvp.test_knowledge.KnowledgeTests.test_midchain_source_delete_keeps_ancestor_and_new_identity_is_not_reused) ... ok
test_migration_failure_rolls_back_ddl_and_version (tests_mvp.test_knowledge.KnowledgeTests.test_migration_failure_rolls_back_ddl_and_version) ... ok
test_missing_and_unsaved_sources_never_create_fake_notes (tests_mvp.test_knowledge.KnowledgeTests.test_missing_and_unsaved_sources_never_create_fake_notes) ... ok
test_mutated_saved_source_note_invalidates_hash_binding (tests_mvp.test_knowledge.KnowledgeTests.test_mutated_saved_source_note_invalidates_hash_binding) ... ok
test_new_note_does_not_rebind_existing_candidate (tests_mvp.test_knowledge.KnowledgeTests.test_new_note_does_not_rebind_existing_candidate) ... ok
test_new_version_keeps_old_payload_and_current_cas (tests_mvp.test_knowledge.KnowledgeTests.test_new_version_keeps_old_payload_and_current_cas) ... ok
test_one_source_slice_rejects_lists_spoofed_hashes_and_unsupported_kinds (tests_mvp.test_knowledge.KnowledgeTests.test_one_source_slice_rejects_lists_spoofed_hashes_and_unsupported_kinds) ... ok
test_positive_exact_budget_is_mandatory (tests_mvp.test_knowledge.KnowledgeTests.test_positive_exact_budget_is_mandatory) ... ok
test_proposal_delete_is_cas_bound_and_does_not_delete_source_notes (tests_mvp.test_knowledge.KnowledgeTests.test_proposal_delete_is_cas_bound_and_does_not_delete_source_notes) ... ok
test_proposal_delete_response_budget_failure_rolls_back (tests_mvp.test_knowledge.KnowledgeTests.test_proposal_delete_response_budget_failure_rolls_back) ... ok
test_proposal_is_exploratory_and_unknown_fields_are_exact (tests_mvp.test_knowledge.KnowledgeTests.test_proposal_is_exploratory_and_unknown_fields_are_exact) ... ok
test_pure_validator_rejects_fork_and_disconnected_cycle (tests_mvp.test_knowledge.KnowledgeTests.test_pure_validator_rejects_fork_and_disconnected_cycle) ... ok
test_pure_validator_rejects_nonpositive_or_identifying_receipt_shape (tests_mvp.test_knowledge.KnowledgeTests.test_pure_validator_rejects_nonpositive_or_identifying_receipt_shape) ... ok
test_readonly_connection_validators_make_no_writes (tests_mvp.test_knowledge.KnowledgeTests.test_readonly_connection_validators_make_no_writes) ... ok
test_response_budget_counts_actual_default_json_utf8_bytes (tests_mvp.test_knowledge.KnowledgeTests.test_response_budget_counts_actual_default_json_utf8_bytes) ... ok
test_snapshot_capacity_gate_precedes_copy (tests_mvp.test_knowledge.KnowledgeTests.test_snapshot_capacity_gate_precedes_copy) ... ok
test_snapshot_copy_failure_keeps_v1_and_cleans_unpublished_files (tests_mvp.test_knowledge.KnowledgeTests.test_snapshot_copy_failure_keeps_v1_and_cleans_unpublished_files) ... ok
test_snapshot_publication_never_overwrites_existing_path (tests_mvp.test_knowledge.KnowledgeTests.test_snapshot_publication_never_overwrites_existing_path) ... ok
test_source_anchor_uses_existing_rules (tests_mvp.test_knowledge.KnowledgeTests.test_source_anchor_uses_existing_rules) ... ok
test_source_delete_receipt_failure_rolls_back_entire_cascade (tests_mvp.test_knowledge.KnowledgeTests.test_source_delete_receipt_failure_rolls_back_entire_cascade) ... ok
test_source_delete_removes_dependents_descendants_and_keeps_other_rules (tests_mvp.test_knowledge.KnowledgeTests.test_source_delete_removes_dependents_descendants_and_keeps_other_rules) ... ok
test_source_delete_without_proposals_preserves_legacy_response (tests_mvp.test_knowledge.KnowledgeTests.test_source_delete_without_proposals_preserves_legacy_response) ... ok
test_source_hashes_bind_exact_saved_bytes_not_copied_note_text (tests_mvp.test_knowledge.KnowledgeTests.test_source_hashes_bind_exact_saved_bytes_not_copied_note_text) ... ok
test_source_revision_requires_positive_exact_integer (tests_mvp.test_knowledge.KnowledgeTests.test_source_revision_requires_positive_exact_integer) ... ok
test_stored_report_cap_rolls_back_large_proposal (tests_mvp.test_knowledge.KnowledgeTests.test_stored_report_cap_rolls_back_large_proposal) ... ok
test_unknown_or_absent_exact_version_returns_404 (tests_mvp.test_knowledge.KnowledgeTests.test_unknown_or_absent_exact_version_returns_404) ... ok
test_unknown_v1_object_rejected_without_migration (tests_mvp.test_knowledge.KnowledgeTests.test_unknown_v1_object_rejected_without_migration) ... ok
test_v1_migration_keeps_exact_reports_and_all_note_revisions (tests_mvp.test_knowledge.KnowledgeTests.test_v1_migration_keeps_exact_reports_and_all_note_revisions) ... ok
test_v2_extra_object_rejected_without_rewriting (tests_mvp.test_knowledge.KnowledgeTests.test_v2_extra_object_rejected_without_rewriting) ... ok
test_v2_restart_does_not_make_another_migration_snapshot (tests_mvp.test_knowledge.KnowledgeTests.test_v2_restart_does_not_make_another_migration_snapshot) ... ok
test_video_actual_anchor_and_overview_are_supported (tests_mvp.test_knowledge.KnowledgeTests.test_video_actual_anchor_and_overview_are_supported) ... ok

----------------------------------------------------------------------
Ran 42 tests in 0.292s

OK
