test_assessment_reversal_conditional (tests_r3.test_engine.EngineTests.test_assessment_reversal_conditional) ... ok
test_cli_round_trip_and_safe_overwrite_rejection (tests_r3.test_engine.EngineTests.test_cli_round_trip_and_safe_overwrite_rejection) ... ok
test_data_text_is_never_executed (tests_r3.test_engine.EngineTests.test_data_text_is_never_executed) ... ok
test_deadline_abort_invalidates (tests_r3.test_engine.EngineTests.test_deadline_abort_invalidates) ... ok
test_dominance_requires_all_scenarios (tests_r3.test_engine.EngineTests.test_dominance_requires_all_scenarios) ... ok
test_duplicate_pair_and_dangling_ref_rejected (tests_r3.test_engine.EngineTests.test_duplicate_pair_and_dangling_ref_rejected) ... ok
test_equality_and_strict_order_conflict_preserves_candidates (tests_r3.test_engine.EngineTests.test_equality_and_strict_order_conflict_preserves_candidates) ... ok
test_expired_action_cannot_request_information (tests_r3.test_engine.EngineTests.test_expired_action_cannot_request_information) ... ok
test_exploratory_assessment_cannot_eliminate_alternative (tests_r3.test_engine.EngineTests.test_exploratory_assessment_cannot_eliminate_alternative) ... ok
test_exploratory_or_wrong_patch_not_confirmed (tests_r3.test_engine.EngineTests.test_exploratory_or_wrong_patch_not_confirmed) ... ok
test_impossible_action_not_alternative (tests_r3.test_engine.EngineTests.test_impossible_action_not_alternative) ... ok
test_information_request_filters_inactive_targets (tests_r3.test_engine.EngineTests.test_information_request_filters_inactive_targets) ... ok
test_missing_comparison_not_equivalence (tests_r3.test_engine.EngineTests.test_missing_comparison_not_equivalence) ... ok
test_missing_does_not_become_danger (tests_r3.test_engine.EngineTests.test_missing_does_not_become_danger) ... ok
test_outcome_does_not_change_decision_evaluation (tests_r3.test_engine.EngineTests.test_outcome_does_not_change_decision_evaluation) ... ok
test_production_modes_and_implicit_test_blocked (tests_r3.test_engine.EngineTests.test_production_modes_and_implicit_test_blocked) ... ok
test_request_minimum_only_before_deadline (tests_r3.test_engine.EngineTests.test_request_minimum_only_before_deadline) ... ok
test_same_source_removal_cannot_strengthen_sufficiency (tests_r3.test_engine.EngineTests.test_same_source_removal_cannot_strengthen_sufficiency) ... ok
test_sufficient_unfavorable_does_not_ask_for_more (tests_r3.test_engine.EngineTests.test_sufficient_unfavorable_does_not_ask_for_more) ... ok
test_unknown_relation_blocks_exclusion (tests_r3.test_engine.EngineTests.test_unknown_relation_blocks_exclusion) ... ok
test_unsupported_scenario_cannot_produce_sufficient (tests_r3.test_engine.EngineTests.test_unsupported_scenario_cannot_produce_sufficient) ... ok
test_wait_growth_cost_can_reverse_preference (tests_r3.test_engine.EngineTests.test_wait_growth_cost_can_reverse_preference) ... ok
test_cast_is_not_cooldown_and_cs_not_wave (tests_r3.test_state.StateTests.test_cast_is_not_cooldown_and_cs_not_wave) ... ok
test_conflicting_lineage_not_laundered (tests_r3.test_state.StateTests.test_conflicting_lineage_not_laundered) ... ok
test_cross_session_rejected (tests_r3.test_state.StateTests.test_cross_session_rejected) ... ok
test_current_position_expires_without_ttl_guess (tests_r3.test_state.StateTests.test_current_position_expires_without_ttl_guess) ... ok
test_delayed_older_observation_cannot_overwrite (tests_r3.test_state.StateTests.test_delayed_older_observation_cannot_overwrite) ... ok
test_duplicate_idempotency_and_input_order (tests_r3.test_state.StateTests.test_duplicate_idempotency_and_input_order) ... ok
test_future_excluded (tests_r3.test_state.StateTests.test_future_excluded) ... ok
test_hidden_observer_does_not_override_visible_state (tests_r3.test_state.StateTests.test_hidden_observer_does_not_override_visible_state) ... ok
test_id_collision_quarantines_both_keys (tests_r3.test_state.StateTests.test_id_collision_quarantines_both_keys) ... ok
test_independent_source_group_deduplicated (tests_r3.test_state.StateTests.test_independent_source_group_deduplicated) ... ok
test_last_seen_does_not_populate_current_location (tests_r3.test_state.StateTests.test_last_seen_does_not_populate_current_location) ... ok
test_late_review_keeps_player_visible_scene (tests_r3.test_state.StateTests.test_late_review_keeps_player_visible_scene) ... ok
test_later_event_cannot_support_earlier_historical_derivation (tests_r3.test_state.StateTests.test_later_event_cannot_support_earlier_historical_derivation) ... ok
test_manual_and_inferred_not_facts (tests_r3.test_state.StateTests.test_manual_and_inferred_not_facts) ... ok
test_missing_is_unknown_not_zero (tests_r3.test_state.StateTests.test_missing_is_unknown_not_zero) ... ok
test_missing_or_hidden_lineage_not_laundered (tests_r3.test_state.StateTests.test_missing_or_hidden_lineage_not_laundered) ... ok
test_missing_provenance_nonfinite_or_naive_time_rejected (tests_r3.test_state.StateTests.test_missing_provenance_nonfinite_or_naive_time_rejected) ... ok
test_patch_and_clock_mismatch_not_known (tests_r3.test_state.StateTests.test_patch_and_clock_mismatch_not_known) ... ok
test_same_time_conflict_preserved (tests_r3.test_state.StateTests.test_same_time_conflict_preserved) ... ok
test_snapshot_immutable_and_new_revision (tests_r3.test_state.StateTests.test_snapshot_immutable_and_new_revision) ... ok

----------------------------------------------------------------------
Ran 42 tests in 0.391s

OK
