test_active_writer_in_either_database_fails_promptly (tests_mvp.test_backup.CompleteBackupTests.test_active_writer_in_either_database_fails_promptly) ... ok
test_archive_publication_race_preserves_winner (tests_mvp.test_backup.CompleteBackupTests.test_archive_publication_race_preserves_winner) ... ok
test_backup_cli_separate_reader_under_reserved_locks_finishes_with_timeout (tests_mvp.test_backup.CompleteBackupTests.test_backup_cli_separate_reader_under_reserved_locks_finishes_with_timeout) ... ok
test_complete_history_restores_through_workbench_without_source_mutation (tests_mvp.test_backup.CompleteBackupTests.test_complete_history_restores_through_workbench_without_source_mutation) ... ok
test_directory_publication_race_preserves_existing_empty_directory (tests_mvp.test_backup.CompleteBackupTests.test_directory_publication_race_preserves_existing_empty_directory) ... ok
test_existing_archive_and_even_empty_restore_directory_are_preserved (tests_mvp.test_backup.CompleteBackupTests.test_existing_archive_and_even_empty_restore_directory_are_preserved) ... ok
test_existing_research_numeric_dictionary_keys_preserve_original_identity (tests_mvp.test_backup.CompleteBackupTests.test_existing_research_numeric_dictionary_keys_preserve_original_identity) ... ok
test_failed_backup_copy_cleans_staging_and_preserves_sources (tests_mvp.test_backup.CompleteBackupTests.test_failed_backup_copy_cleans_staging_and_preserves_sources) ... ok
test_hot_journal_is_rejected_without_recovering_or_mutating_source (tests_mvp.test_backup.CompleteBackupTests.test_hot_journal_is_rejected_without_recovering_or_mutating_source) ... ok
test_malformed_archive_is_rejected_and_staging_cleaned (tests_mvp.test_backup.CompleteBackupTests.test_malformed_archive_is_rejected_and_staging_cleaned) ... ok
test_missing_duplicate_traversal_and_extra_members_are_rejected (tests_mvp.test_backup.CompleteBackupTests.test_missing_duplicate_traversal_and_extra_members_are_rejected) ... ok
test_missing_main_never_creates_an_empty_database (tests_mvp.test_backup.CompleteBackupTests.test_missing_main_never_creates_an_empty_database) ... ok
test_missing_research_never_creates_an_empty_replacement (tests_mvp.test_backup.CompleteBackupTests.test_missing_research_never_creates_an_empty_replacement) ... ok
test_rehashed_but_invalid_schema_foreign_keys_or_note_content_are_rejected (tests_mvp.test_backup.CompleteBackupTests.test_rehashed_but_invalid_schema_foreign_keys_or_note_content_are_rejected) ... ok
test_source_hardlink_alias_and_bookkeeping_output_collision_are_rejected (tests_mvp.test_backup.CompleteBackupTests.test_source_hardlink_alias_and_bookkeeping_output_collision_are_rejected) ... ok
test_source_schema_or_integrity_failure_never_publishes (tests_mvp.test_backup.CompleteBackupTests.test_source_schema_or_integrity_failure_never_publishes) ... ok
test_strict_manifest_version_fields_types_and_duplicate_keys (tests_mvp.test_backup.CompleteBackupTests.test_strict_manifest_version_fields_types_and_duplicate_keys) ... ok
test_symlink_source_output_destination_and_ancestor_are_rejected (tests_mvp.test_backup.CompleteBackupTests.test_symlink_source_output_destination_and_ancestor_are_rejected) ... ok
test_tampered_member_is_rejected_without_touching_archive_or_sources (tests_mvp.test_backup.CompleteBackupTests.test_tampered_member_is_rejected_without_touching_archive_or_sources) ... ok
test_unsupported_publication_fails_closed_and_cleans_staging (tests_mvp.test_backup.CompleteBackupTests.test_unsupported_publication_fails_closed_and_cleans_staging) ... ok
test_unsupported_zip_flags_and_invalid_local_utf8_have_structured_errors (tests_mvp.test_backup.CompleteBackupTests.test_unsupported_zip_flags_and_invalid_local_utf8_have_structured_errors) ... ok
test_wal_committed_rows_and_original_main_file_bytes_are_preserved (tests_mvp.test_backup.CompleteBackupTests.test_wal_committed_rows_and_original_main_file_bytes_are_preserved) ... ok
test_zip_symlink_members_are_rejected (tests_mvp.test_backup.CompleteBackupTests.test_zip_symlink_members_are_rejected) ... ok

----------------------------------------------------------------------
Ran 23 tests in 1.198s

OK
