test_caller_mutation_cannot_change_saved_capture (tests_mvp.test_draft_capture.DraftCaptureTests.test_caller_mutation_cannot_change_saved_capture) ... FAIL
test_capture_id_cannot_enter_legacy_session_case_or_review (tests_mvp.test_draft_capture.DraftCaptureTests.test_capture_id_cannot_enter_legacy_session_case_or_review) ... FAIL
test_concurrent_cas_has_one_winner (tests_mvp.test_draft_capture.DraftCaptureTests.test_concurrent_cas_has_one_winner) ... FAIL
test_copy_failure_keeps_exact_v1_and_cleans_unpublished_snapshot (tests_mvp.test_draft_capture.DraftCaptureTests.test_copy_failure_keeps_exact_v1_and_cleans_unpublished_snapshot) ... FAIL
test_corrupt_parent_chain_head_title_and_legacy_collision_refused (tests_mvp.test_draft_capture.DraftCaptureTests.test_corrupt_parent_chain_head_title_and_legacy_collision_refused) ... FAIL
test_corrupt_payload_identity_hash_timestamp_and_verification_refused (tests_mvp.test_draft_capture.DraftCaptureTests.test_corrupt_payload_identity_hash_timestamp_and_verification_refused) ... FAIL
test_ddl_failure_rolls_back_exact_v1_and_retains_recovery_snapshot (tests_mvp.test_draft_capture.DraftCaptureTests.test_ddl_failure_rolls_back_exact_v1_and_retains_recovery_snapshot) ... FAIL
test_declared_observation_time_is_literal_and_not_receive_time (tests_mvp.test_draft_capture.DraftCaptureTests.test_declared_observation_time_is_literal_and_not_receive_time) ... FAIL
test_deletion_physically_removes_history_without_private_tombstone (tests_mvp.test_draft_capture.DraftCaptureTests.test_deletion_physically_removes_history_without_private_tombstone) ... FAIL
test_exact_schema_rejects_extra_object_without_rewrite (tests_mvp.test_draft_capture.DraftCaptureTests.test_exact_schema_rejects_extra_object_without_rewrite) ... FAIL
test_exact_schema_rejects_missing_foreign_key (tests_mvp.test_draft_capture.DraftCaptureTests.test_exact_schema_rejects_missing_foreign_key) ... FAIL
test_immutable_parent_history_and_exact_old_record (tests_mvp.test_draft_capture.DraftCaptureTests.test_immutable_parent_history_and_exact_old_record) ... FAIL
test_invalid_budget_id_and_revision_fail_without_write (tests_mvp.test_draft_capture.DraftCaptureTests.test_invalid_budget_id_and_revision_fail_without_write) ... FAIL
test_invalid_input_fields_types_and_utf8_are_rejected_without_write (tests_mvp.test_draft_capture.DraftCaptureTests.test_invalid_input_fields_types_and_utf8_are_rejected_without_write) ... FAIL
test_invalid_legacy_schema_and_content_refuse_before_backup (tests_mvp.test_draft_capture.DraftCaptureTests.test_invalid_legacy_schema_and_content_refuse_before_backup) ... FAIL
test_invalid_slots_duplicates_roles_and_source_rejected (tests_mvp.test_draft_capture.DraftCaptureTests.test_invalid_slots_duplicates_roles_and_source_rejected) ... FAIL
test_maximum_typed_slots_and_supported_nullable_roles_save (tests_mvp.test_draft_capture.DraftCaptureTests.test_maximum_typed_slots_and_supported_nullable_roles_save) ... FAIL
test_migration_backup_precedes_interrupted_job_recovery (tests_mvp.test_draft_capture.DraftCaptureTests.test_migration_backup_precedes_interrupted_job_recovery) ... FAIL
test_native_foreign_keys_reject_cross_capture_parent_and_cascade (tests_mvp.test_draft_capture.DraftCaptureTests.test_native_foreign_keys_reject_cross_capture_parent_and_cascade) ... FAIL
test_new_empty_v2_has_no_fake_prior_data_backup (tests_mvp.test_draft_capture.DraftCaptureTests.test_new_empty_v2_has_no_fake_prior_data_backup) ... FAIL
test_no_inference_for_empty_arrays_or_unknown_champion_role (tests_mvp.test_draft_capture.DraftCaptureTests.test_no_inference_for_empty_arrays_or_unknown_champion_role) ... FAIL
test_operator_input_hash_and_unknown_provenance_never_promoted (tests_mvp.test_draft_capture.DraftCaptureTests.test_operator_input_hash_and_unknown_provenance_never_promoted) ... FAIL
test_original_legacy_test_pipeline_operates_on_v2 (tests_mvp.test_draft_capture.DraftCaptureTests.test_original_legacy_test_pipeline_operates_on_v2) ... FAIL
test_partial_unknown_capture_survives_exact_restart (tests_mvp.test_draft_capture.DraftCaptureTests.test_partial_unknown_capture_survives_exact_restart) ... FAIL
test_response_budget_rolls_back_create_update_delete (tests_mvp.test_draft_capture.DraftCaptureTests.test_response_budget_rolls_back_create_update_delete) ... FAIL
test_snapshot_capacity_refuses_before_copy (tests_mvp.test_draft_capture.DraftCaptureTests.test_snapshot_capacity_refuses_before_copy) ... FAIL
test_snapshot_collision_never_overwrites_existing_bytes (tests_mvp.test_draft_capture.DraftCaptureTests.test_snapshot_collision_never_overwrites_existing_bytes) ... FAIL
test_stale_put_and_delete_are_atomic_conflicts (tests_mvp.test_draft_capture.DraftCaptureTests.test_stale_put_and_delete_are_atomic_conflicts) ... FAIL
test_v1_migration_preserves_exact_old_rows_and_readable_private_snapshot (tests_mvp.test_draft_capture.DraftCaptureTests.test_v1_migration_preserves_exact_old_rows_and_readable_private_snapshot) ... FAIL
test_zero_version_nonempty_schema_refused (tests_mvp.test_draft_capture.DraftCaptureTests.test_zero_version_nonempty_schema_refused) ... FAIL

======================================================================
FAIL: test_caller_mutation_cannot_change_saved_capture (tests_mvp.test_draft_capture.DraftCaptureTests.test_caller_mutation_cannot_change_saved_capture)
----------------------------------------------------------------------
Traceback (most recent call last):
  File "/workspace/scratch/b091e55de8cd/lol-coach/tests_mvp/test_draft_capture.py", line 42, in setUp
    self.assertIsNotNone(draft, 'Manual capture API is absent: coach_v1.draft.DraftStore')
AssertionError: unexpectedly None : Manual capture API is absent: coach_v1.draft.DraftStore

======================================================================
FAIL: test_capture_id_cannot_enter_legacy_session_case_or_review (tests_mvp.test_draft_capture.DraftCaptureTests.test_capture_id_cannot_enter_legacy_session_case_or_review)
----------------------------------------------------------------------
Traceback (most recent call last):
  File "/workspace/scratch/b091e55de8cd/lol-coach/tests_mvp/test_draft_capture.py", line 42, in setUp
    self.assertIsNotNone(draft, 'Manual capture API is absent: coach_v1.draft.DraftStore')
AssertionError: unexpectedly None : Manual capture API is absent: coach_v1.draft.DraftStore

======================================================================
FAIL: test_concurrent_cas_has_one_winner (tests_mvp.test_draft_capture.DraftCaptureTests.test_concurrent_cas_has_one_winner)
----------------------------------------------------------------------
Traceback (most recent call last):
  File "/workspace/scratch/b091e55de8cd/lol-coach/tests_mvp/test_draft_capture.py", line 42, in setUp
    self.assertIsNotNone(draft, 'Manual capture API is absent: coach_v1.draft.DraftStore')
AssertionError: unexpectedly None : Manual capture API is absent: coach_v1.draft.DraftStore

======================================================================
FAIL: test_copy_failure_keeps_exact_v1_and_cleans_unpublished_snapshot (tests_mvp.test_draft_capture.DraftCaptureTests.test_copy_failure_keeps_exact_v1_and_cleans_unpublished_snapshot)
----------------------------------------------------------------------
Traceback (most recent call last):
  File "/workspace/scratch/b091e55de8cd/lol-coach/tests_mvp/test_draft_capture.py", line 42, in setUp
    self.assertIsNotNone(draft, 'Manual capture API is absent: coach_v1.draft.DraftStore')
AssertionError: unexpectedly None : Manual capture API is absent: coach_v1.draft.DraftStore

======================================================================
FAIL: test_corrupt_parent_chain_head_title_and_legacy_collision_refused (tests_mvp.test_draft_capture.DraftCaptureTests.test_corrupt_parent_chain_head_title_and_legacy_collision_refused)
----------------------------------------------------------------------
Traceback (most recent call last):
  File "/workspace/scratch/b091e55de8cd/lol-coach/tests_mvp/test_draft_capture.py", line 42, in setUp
    self.assertIsNotNone(draft, 'Manual capture API is absent: coach_v1.draft.DraftStore')
AssertionError: unexpectedly None : Manual capture API is absent: coach_v1.draft.DraftStore

======================================================================
FAIL: test_corrupt_payload_identity_hash_timestamp_and_verification_refused (tests_mvp.test_draft_capture.DraftCaptureTests.test_corrupt_payload_identity_hash_timestamp_and_verification_refused)
----------------------------------------------------------------------
Traceback (most recent call last):
  File "/workspace/scratch/b091e55de8cd/lol-coach/tests_mvp/test_draft_capture.py", line 42, in setUp
    self.assertIsNotNone(draft, 'Manual capture API is absent: coach_v1.draft.DraftStore')
AssertionError: unexpectedly None : Manual capture API is absent: coach_v1.draft.DraftStore

======================================================================
FAIL: test_ddl_failure_rolls_back_exact_v1_and_retains_recovery_snapshot (tests_mvp.test_draft_capture.DraftCaptureTests.test_ddl_failure_rolls_back_exact_v1_and_retains_recovery_snapshot)
----------------------------------------------------------------------
Traceback (most recent call last):
  File "/workspace/scratch/b091e55de8cd/lol-coach/tests_mvp/test_draft_capture.py", line 42, in setUp
    self.assertIsNotNone(draft, 'Manual capture API is absent: coach_v1.draft.DraftStore')
AssertionError: unexpectedly None : Manual capture API is absent: coach_v1.draft.DraftStore

======================================================================
FAIL: test_declared_observation_time_is_literal_and_not_receive_time (tests_mvp.test_draft_capture.DraftCaptureTests.test_declared_observation_time_is_literal_and_not_receive_time)
----------------------------------------------------------------------
Traceback (most recent call last):
  File "/workspace/scratch/b091e55de8cd/lol-coach/tests_mvp/test_draft_capture.py", line 42, in setUp
    self.assertIsNotNone(draft, 'Manual capture API is absent: coach_v1.draft.DraftStore')
AssertionError: unexpectedly None : Manual capture API is absent: coach_v1.draft.DraftStore

======================================================================
FAIL: test_deletion_physically_removes_history_without_private_tombstone (tests_mvp.test_draft_capture.DraftCaptureTests.test_deletion_physically_removes_history_without_private_tombstone)
----------------------------------------------------------------------
Traceback (most recent call last):
  File "/workspace/scratch/b091e55de8cd/lol-coach/tests_mvp/test_draft_capture.py", line 42, in setUp
    self.assertIsNotNone(draft, 'Manual capture API is absent: coach_v1.draft.DraftStore')
AssertionError: unexpectedly None : Manual capture API is absent: coach_v1.draft.DraftStore

======================================================================
FAIL: test_exact_schema_rejects_extra_object_without_rewrite (tests_mvp.test_draft_capture.DraftCaptureTests.test_exact_schema_rejects_extra_object_without_rewrite)
----------------------------------------------------------------------
Traceback (most recent call last):
  File "/workspace/scratch/b091e55de8cd/lol-coach/tests_mvp/test_draft_capture.py", line 42, in setUp
    self.assertIsNotNone(draft, 'Manual capture API is absent: coach_v1.draft.DraftStore')
AssertionError: unexpectedly None : Manual capture API is absent: coach_v1.draft.DraftStore

======================================================================
FAIL: test_exact_schema_rejects_missing_foreign_key (tests_mvp.test_draft_capture.DraftCaptureTests.test_exact_schema_rejects_missing_foreign_key)
----------------------------------------------------------------------
Traceback (most recent call last):
  File "/workspace/scratch/b091e55de8cd/lol-coach/tests_mvp/test_draft_capture.py", line 42, in setUp
    self.assertIsNotNone(draft, 'Manual capture API is absent: coach_v1.draft.DraftStore')
AssertionError: unexpectedly None : Manual capture API is absent: coach_v1.draft.DraftStore

======================================================================
FAIL: test_immutable_parent_history_and_exact_old_record (tests_mvp.test_draft_capture.DraftCaptureTests.test_immutable_parent_history_and_exact_old_record)
----------------------------------------------------------------------
Traceback (most recent call last):
  File "/workspace/scratch/b091e55de8cd/lol-coach/tests_mvp/test_draft_capture.py", line 42, in setUp
    self.assertIsNotNone(draft, 'Manual capture API is absent: coach_v1.draft.DraftStore')
AssertionError: unexpectedly None : Manual capture API is absent: coach_v1.draft.DraftStore

======================================================================
FAIL: test_invalid_budget_id_and_revision_fail_without_write (tests_mvp.test_draft_capture.DraftCaptureTests.test_invalid_budget_id_and_revision_fail_without_write)
----------------------------------------------------------------------
Traceback (most recent call last):
  File "/workspace/scratch/b091e55de8cd/lol-coach/tests_mvp/test_draft_capture.py", line 42, in setUp
    self.assertIsNotNone(draft, 'Manual capture API is absent: coach_v1.draft.DraftStore')
AssertionError: unexpectedly None : Manual capture API is absent: coach_v1.draft.DraftStore

======================================================================
FAIL: test_invalid_input_fields_types_and_utf8_are_rejected_without_write (tests_mvp.test_draft_capture.DraftCaptureTests.test_invalid_input_fields_types_and_utf8_are_rejected_without_write)
----------------------------------------------------------------------
Traceback (most recent call last):
  File "/workspace/scratch/b091e55de8cd/lol-coach/tests_mvp/test_draft_capture.py", line 42, in setUp
    self.assertIsNotNone(draft, 'Manual capture API is absent: coach_v1.draft.DraftStore')
AssertionError: unexpectedly None : Manual capture API is absent: coach_v1.draft.DraftStore

======================================================================
FAIL: test_invalid_legacy_schema_and_content_refuse_before_backup (tests_mvp.test_draft_capture.DraftCaptureTests.test_invalid_legacy_schema_and_content_refuse_before_backup)
----------------------------------------------------------------------
Traceback (most recent call last):
  File "/workspace/scratch/b091e55de8cd/lol-coach/tests_mvp/test_draft_capture.py", line 42, in setUp
    self.assertIsNotNone(draft, 'Manual capture API is absent: coach_v1.draft.DraftStore')
AssertionError: unexpectedly None : Manual capture API is absent: coach_v1.draft.DraftStore

======================================================================
FAIL: test_invalid_slots_duplicates_roles_and_source_rejected (tests_mvp.test_draft_capture.DraftCaptureTests.test_invalid_slots_duplicates_roles_and_source_rejected)
----------------------------------------------------------------------
Traceback (most recent call last):
  File "/workspace/scratch/b091e55de8cd/lol-coach/tests_mvp/test_draft_capture.py", line 42, in setUp
    self.assertIsNotNone(draft, 'Manual capture API is absent: coach_v1.draft.DraftStore')
AssertionError: unexpectedly None : Manual capture API is absent: coach_v1.draft.DraftStore

======================================================================
FAIL: test_maximum_typed_slots_and_supported_nullable_roles_save (tests_mvp.test_draft_capture.DraftCaptureTests.test_maximum_typed_slots_and_supported_nullable_roles_save)
----------------------------------------------------------------------
Traceback (most recent call last):
  File "/workspace/scratch/b091e55de8cd/lol-coach/tests_mvp/test_draft_capture.py", line 42, in setUp
    self.assertIsNotNone(draft, 'Manual capture API is absent: coach_v1.draft.DraftStore')
AssertionError: unexpectedly None : Manual capture API is absent: coach_v1.draft.DraftStore

======================================================================
FAIL: test_migration_backup_precedes_interrupted_job_recovery (tests_mvp.test_draft_capture.DraftCaptureTests.test_migration_backup_precedes_interrupted_job_recovery)
----------------------------------------------------------------------
Traceback (most recent call last):
  File "/workspace/scratch/b091e55de8cd/lol-coach/tests_mvp/test_draft_capture.py", line 42, in setUp
    self.assertIsNotNone(draft, 'Manual capture API is absent: coach_v1.draft.DraftStore')
AssertionError: unexpectedly None : Manual capture API is absent: coach_v1.draft.DraftStore

======================================================================
FAIL: test_native_foreign_keys_reject_cross_capture_parent_and_cascade (tests_mvp.test_draft_capture.DraftCaptureTests.test_native_foreign_keys_reject_cross_capture_parent_and_cascade)
----------------------------------------------------------------------
Traceback (most recent call last):
  File "/workspace/scratch/b091e55de8cd/lol-coach/tests_mvp/test_draft_capture.py", line 42, in setUp
    self.assertIsNotNone(draft, 'Manual capture API is absent: coach_v1.draft.DraftStore')
AssertionError: unexpectedly None : Manual capture API is absent: coach_v1.draft.DraftStore

======================================================================
FAIL: test_new_empty_v2_has_no_fake_prior_data_backup (tests_mvp.test_draft_capture.DraftCaptureTests.test_new_empty_v2_has_no_fake_prior_data_backup)
----------------------------------------------------------------------
Traceback (most recent call last):
  File "/workspace/scratch/b091e55de8cd/lol-coach/tests_mvp/test_draft_capture.py", line 42, in setUp
    self.assertIsNotNone(draft, 'Manual capture API is absent: coach_v1.draft.DraftStore')
AssertionError: unexpectedly None : Manual capture API is absent: coach_v1.draft.DraftStore

======================================================================
FAIL: test_no_inference_for_empty_arrays_or_unknown_champion_role (tests_mvp.test_draft_capture.DraftCaptureTests.test_no_inference_for_empty_arrays_or_unknown_champion_role)
----------------------------------------------------------------------
Traceback (most recent call last):
  File "/workspace/scratch/b091e55de8cd/lol-coach/tests_mvp/test_draft_capture.py", line 42, in setUp
    self.assertIsNotNone(draft, 'Manual capture API is absent: coach_v1.draft.DraftStore')
AssertionError: unexpectedly None : Manual capture API is absent: coach_v1.draft.DraftStore

======================================================================
FAIL: test_operator_input_hash_and_unknown_provenance_never_promoted (tests_mvp.test_draft_capture.DraftCaptureTests.test_operator_input_hash_and_unknown_provenance_never_promoted)
----------------------------------------------------------------------
Traceback (most recent call last):
  File "/workspace/scratch/b091e55de8cd/lol-coach/tests_mvp/test_draft_capture.py", line 42, in setUp
    self.assertIsNotNone(draft, 'Manual capture API is absent: coach_v1.draft.DraftStore')
AssertionError: unexpectedly None : Manual capture API is absent: coach_v1.draft.DraftStore

======================================================================
FAIL: test_original_legacy_test_pipeline_operates_on_v2 (tests_mvp.test_draft_capture.DraftCaptureTests.test_original_legacy_test_pipeline_operates_on_v2)
----------------------------------------------------------------------
Traceback (most recent call last):
  File "/workspace/scratch/b091e55de8cd/lol-coach/tests_mvp/test_draft_capture.py", line 42, in setUp
    self.assertIsNotNone(draft, 'Manual capture API is absent: coach_v1.draft.DraftStore')
AssertionError: unexpectedly None : Manual capture API is absent: coach_v1.draft.DraftStore

======================================================================
FAIL: test_partial_unknown_capture_survives_exact_restart (tests_mvp.test_draft_capture.DraftCaptureTests.test_partial_unknown_capture_survives_exact_restart)
----------------------------------------------------------------------
Traceback (most recent call last):
  File "/workspace/scratch/b091e55de8cd/lol-coach/tests_mvp/test_draft_capture.py", line 42, in setUp
    self.assertIsNotNone(draft, 'Manual capture API is absent: coach_v1.draft.DraftStore')
AssertionError: unexpectedly None : Manual capture API is absent: coach_v1.draft.DraftStore

======================================================================
FAIL: test_response_budget_rolls_back_create_update_delete (tests_mvp.test_draft_capture.DraftCaptureTests.test_response_budget_rolls_back_create_update_delete)
----------------------------------------------------------------------
Traceback (most recent call last):
  File "/workspace/scratch/b091e55de8cd/lol-coach/tests_mvp/test_draft_capture.py", line 42, in setUp
    self.assertIsNotNone(draft, 'Manual capture API is absent: coach_v1.draft.DraftStore')
AssertionError: unexpectedly None : Manual capture API is absent: coach_v1.draft.DraftStore

======================================================================
FAIL: test_snapshot_capacity_refuses_before_copy (tests_mvp.test_draft_capture.DraftCaptureTests.test_snapshot_capacity_refuses_before_copy)
----------------------------------------------------------------------
Traceback (most recent call last):
  File "/workspace/scratch/b091e55de8cd/lol-coach/tests_mvp/test_draft_capture.py", line 42, in setUp
    self.assertIsNotNone(draft, 'Manual capture API is absent: coach_v1.draft.DraftStore')
AssertionError: unexpectedly None : Manual capture API is absent: coach_v1.draft.DraftStore

======================================================================
FAIL: test_snapshot_collision_never_overwrites_existing_bytes (tests_mvp.test_draft_capture.DraftCaptureTests.test_snapshot_collision_never_overwrites_existing_bytes)
----------------------------------------------------------------------
Traceback (most recent call last):
  File "/workspace/scratch/b091e55de8cd/lol-coach/tests_mvp/test_draft_capture.py", line 42, in setUp
    self.assertIsNotNone(draft, 'Manual capture API is absent: coach_v1.draft.DraftStore')
AssertionError: unexpectedly None : Manual capture API is absent: coach_v1.draft.DraftStore

======================================================================
FAIL: test_stale_put_and_delete_are_atomic_conflicts (tests_mvp.test_draft_capture.DraftCaptureTests.test_stale_put_and_delete_are_atomic_conflicts)
----------------------------------------------------------------------
Traceback (most recent call last):
  File "/workspace/scratch/b091e55de8cd/lol-coach/tests_mvp/test_draft_capture.py", line 42, in setUp
    self.assertIsNotNone(draft, 'Manual capture API is absent: coach_v1.draft.DraftStore')
AssertionError: unexpectedly None : Manual capture API is absent: coach_v1.draft.DraftStore

======================================================================
FAIL: test_v1_migration_preserves_exact_old_rows_and_readable_private_snapshot (tests_mvp.test_draft_capture.DraftCaptureTests.test_v1_migration_preserves_exact_old_rows_and_readable_private_snapshot)
----------------------------------------------------------------------
Traceback (most recent call last):
  File "/workspace/scratch/b091e55de8cd/lol-coach/tests_mvp/test_draft_capture.py", line 42, in setUp
    self.assertIsNotNone(draft, 'Manual capture API is absent: coach_v1.draft.DraftStore')
AssertionError: unexpectedly None : Manual capture API is absent: coach_v1.draft.DraftStore

======================================================================
FAIL: test_zero_version_nonempty_schema_refused (tests_mvp.test_draft_capture.DraftCaptureTests.test_zero_version_nonempty_schema_refused)
----------------------------------------------------------------------
Traceback (most recent call last):
  File "/workspace/scratch/b091e55de8cd/lol-coach/tests_mvp/test_draft_capture.py", line 42, in setUp
    self.assertIsNotNone(draft, 'Manual capture API is absent: coach_v1.draft.DraftStore')
AssertionError: unexpectedly None : Manual capture API is absent: coach_v1.draft.DraftStore

----------------------------------------------------------------------
Ran 30 tests in 0.003s

FAILED (failures=30)
