test_actual_empty_main_v2_roundtrip_keeps_two_database_format1 (tests_mvp.test_draft_backup.DraftBackupTests.test_actual_empty_main_v2_roundtrip_keeps_two_database_format1) ... ok
test_backup_restore_do_not_construct_stores_recover_jobs_or_run_engine (tests_mvp.test_draft_backup.DraftBackupTests.test_backup_restore_do_not_construct_stores_recover_jobs_or_run_engine) ... ok
test_committed_main_v2_wal_snapshots_are_copied_without_source_checkpoint (tests_mvp.test_draft_backup.DraftBackupTests.test_committed_main_v2_wal_snapshots_are_copied_without_source_checkpoint) ... ok
test_deleted_draft_payloads_are_absent_and_tombstones_do_not_identify_operator (tests_mvp.test_draft_backup.DraftBackupTests.test_deleted_draft_payloads_are_absent_and_tombstones_do_not_identify_operator) ... ok
test_existing_v2_archive_and_destination_are_never_overwritten (tests_mvp.test_draft_backup.DraftBackupTests.test_existing_v2_archive_and_destination_are_never_overwritten) ... ok
test_hash_verification_precedes_main_schema_metadata_crosscheck (tests_mvp.test_draft_backup.DraftBackupTests.test_hash_verification_precedes_main_schema_metadata_crosscheck) ... ok
test_invalid_v2_source_content_fails_without_archive_or_source_mutation (tests_mvp.test_draft_backup.DraftBackupTests.test_invalid_v2_source_content_fails_without_archive_or_source_mutation) ... ok
test_main_v2_claim_without_physical_draft_tables_never_publishes (tests_mvp.test_draft_backup.DraftBackupTests.test_main_v2_claim_without_physical_draft_tables_never_publishes) ... ok
test_main_v2_does_not_relax_existing_test_only_case_and_job_validation (tests_mvp.test_draft_backup.DraftBackupTests.test_main_v2_does_not_relax_existing_test_only_case_and_job_validation) ... ok
test_rehashed_v2_cross_column_revision_title_and_legacy_collision_are_rejected (tests_mvp.test_draft_backup.DraftBackupTests.test_rehashed_v2_cross_column_revision_title_and_legacy_collision_are_rejected) ... ok
test_rehashed_v2_foreign_key_and_stored_parent_identity_failures_are_rejected (tests_mvp.test_draft_backup.DraftBackupTests.test_rehashed_v2_foreign_key_and_stored_parent_identity_failures_are_rejected) ... ok
test_rehashed_v2_hash_identity_timestamp_or_coaching_promotion_is_rejected (tests_mvp.test_draft_backup.DraftBackupTests.test_rehashed_v2_hash_identity_timestamp_or_coaching_promotion_is_rejected) ... ok
test_rehashed_v2_malformed_duplicate_or_nonobject_json_is_rejected (tests_mvp.test_draft_backup.DraftBackupTests.test_rehashed_v2_malformed_duplicate_or_nonobject_json_is_rejected) ... ok
test_rehashed_v2_schema_objects_and_removed_parent_or_session_fk_are_rejected (tests_mvp.test_draft_backup.DraftBackupTests.test_rehashed_v2_schema_objects_and_removed_parent_or_session_fk_are_rejected) ... ok
test_rehashed_v2_typed_capture_constraints_are_checked_even_with_matching_hash (tests_mvp.test_draft_backup.DraftBackupTests.test_rehashed_v2_typed_capture_constraints_are_checked_even_with_matching_hash) ... ok
test_supported_main_metadata_must_equal_actual_version_in_both_directions (tests_mvp.test_draft_backup.DraftBackupTests.test_supported_main_metadata_must_equal_actual_version_in_both_directions) ... ok
test_unsupported_schema_or_boolean_metadata_is_rejected (tests_mvp.test_draft_backup.DraftBackupTests.test_unsupported_schema_or_boolean_metadata_is_rejected) ... ok
test_v2_history_nulls_unicode_and_legacy_running_job_roundtrip_for_both_research_versions (tests_mvp.test_draft_backup.DraftBackupTests.test_v2_history_nulls_unicode_and_legacy_running_job_roundtrip_for_both_research_versions) ... ok
test_valid_v1_archive_stays_v1_without_implicit_draft_migration (tests_mvp.test_draft_backup.DraftBackupTests.test_valid_v1_archive_stays_v1_without_implicit_draft_migration) ... ok
test_active_writer_in_either_database_fails_promptly (tests_mvp.test_backup.CompleteBackupTests.test_active_writer_in_either_database_fails_promptly) ... ok
test_archive_publication_race_preserves_winner (tests_mvp.test_backup.CompleteBackupTests.test_archive_publication_race_preserves_winner) ... ok
test_backup_cli_separate_reader_under_reserved_locks_finishes_with_timeout (tests_mvp.test_backup.CompleteBackupTests.test_backup_cli_separate_reader_under_reserved_locks_finishes_with_timeout) ... ok
test_complete_history_restores_through_workbench_without_source_mutation (tests_mvp.test_backup.CompleteBackupTests.test_complete_history_restores_through_workbench_without_source_mutation) ... ok
test_directory_publication_race_preserves_existing_empty_directory (tests_mvp.test_backup.CompleteBackupTests.test_directory_publication_race_preserves_existing_empty_directory) ... ok
test_existing_archive_and_even_empty_restore_directory_are_preserved (tests_mvp.test_backup.CompleteBackupTests.test_existing_archive_and_even_empty_restore_directory_are_preserved) ... ok
test_existing_research_numeric_dictionary_keys_preserve_original_identity (tests_mvp.test_backup.CompleteBackupTests.test_existing_research_numeric_dictionary_keys_preserve_original_identity) ... ok
test_failed_backup_copy_cleans_staging_and_preserves_sources (tests_mvp.test_backup.CompleteBackupTests.test_failed_backup_copy_cleans_staging_and_preserves_sources) ... ok
test_hot_journal_is_rejected_without_recovering_or_mutating_source (tests_mvp.test_backup.CompleteBackupTests.test_hot_journal_is_rejected_without_recovering_or_mutating_source) ... ok
test_malformed_archive_is_rejected_and_staging_cleaned (tests_mvp.test_backup.CompleteBackupTests.test_malformed_archive_is_rejected_and_staging_cleaned) ... ok
test_missing_duplicate_traversal_and_extra_members_are_rejected (tests_mvp.test_backup.CompleteBackupTests.test_missing_duplicate_traversal_and_extra_members_are_rejected) ... ok
test_missing_main_never_creates_an_empty_database (tests_mvp.test_backup.CompleteBackupTests.test_missing_main_never_creates_an_empty_database) ... ok
test_missing_research_never_creates_an_empty_replacement (tests_mvp.test_backup.CompleteBackupTests.test_missing_research_never_creates_an_empty_replacement) ... ok
test_rehashed_but_invalid_schema_foreign_keys_or_note_content_are_rejected (tests_mvp.test_backup.CompleteBackupTests.test_rehashed_but_invalid_schema_foreign_keys_or_note_content_are_rejected) ... ok
test_source_hardlink_alias_and_bookkeeping_output_collision_are_rejected (tests_mvp.test_backup.CompleteBackupTests.test_source_hardlink_alias_and_bookkeeping_output_collision_are_rejected) ... ok
test_source_schema_or_integrity_failure_never_publishes (tests_mvp.test_backup.CompleteBackupTests.test_source_schema_or_integrity_failure_never_publishes) ... ok
test_strict_manifest_version_fields_types_and_duplicate_keys (tests_mvp.test_backup.CompleteBackupTests.test_strict_manifest_version_fields_types_and_duplicate_keys) ... ok
test_symlink_source_output_destination_and_ancestor_are_rejected (tests_mvp.test_backup.CompleteBackupTests.test_symlink_source_output_destination_and_ancestor_are_rejected) ... ok
test_tampered_member_is_rejected_without_touching_archive_or_sources (tests_mvp.test_backup.CompleteBackupTests.test_tampered_member_is_rejected_without_touching_archive_or_sources) ... ok
test_unsupported_publication_fails_closed_and_cleans_staging (tests_mvp.test_backup.CompleteBackupTests.test_unsupported_publication_fails_closed_and_cleans_staging) ... ok
test_unsupported_zip_flags_and_invalid_local_utf8_have_structured_errors (tests_mvp.test_backup.CompleteBackupTests.test_unsupported_zip_flags_and_invalid_local_utf8_have_structured_errors) ... ok
test_wal_committed_rows_and_original_main_file_bytes_are_preserved (tests_mvp.test_backup.CompleteBackupTests.test_wal_committed_rows_and_original_main_file_bytes_are_preserved) ... ok
test_zip_symlink_members_are_rejected (tests_mvp.test_backup.CompleteBackupTests.test_zip_symlink_members_are_rejected) ... ok
test_backup_restore_never_constructs_or_migrates_application_stores (tests_mvp.test_knowledge_backup.KnowledgeBackupTests.test_backup_restore_never_constructs_or_migrates_application_stores) ... ok
test_cli_preserves_structured_missing_dependency_error_without_eager_startup (tests_mvp.test_knowledge_backup.KnowledgeBackupTests.test_cli_preserves_structured_missing_dependency_error_without_eager_startup) ... ok
test_committed_v2_wal_rows_are_copied_without_source_checkpoint (tests_mvp.test_knowledge_backup.KnowledgeBackupTests.test_committed_v2_wal_rows_are_copied_without_source_checkpoint) ... ok
test_current_workbench_reopens_complete_restored_v2 (tests_mvp.test_knowledge_backup.KnowledgeBackupTests.test_current_workbench_reopens_complete_restored_v2) ... ok
test_hash_verification_precedes_supported_schema_metadata_crosscheck (tests_mvp.test_knowledge_backup.KnowledgeBackupTests.test_hash_verification_precedes_supported_schema_metadata_crosscheck) ... ok
test_invalid_v2_source_content_never_publishes_backup (tests_mvp.test_knowledge_backup.KnowledgeBackupTests.test_invalid_v2_source_content_never_publishes_backup) ... ok
test_manifest_never_admits_main_v2_research_v3_or_boolean_versions (tests_mvp.test_knowledge_backup.KnowledgeBackupTests.test_manifest_never_admits_main_v2_research_v3_or_boolean_versions) ... ok
test_rehashed_v2_extra_objects_and_removed_source_or_parent_fk_are_rejected (tests_mvp.test_knowledge_backup.KnowledgeBackupTests.test_rehashed_v2_extra_objects_and_removed_source_or_parent_fk_are_rejected) ... ok
test_rehashed_v2_malformed_or_duplicate_json_payload_is_rejected (tests_mvp.test_knowledge_backup.KnowledgeBackupTests.test_rehashed_v2_malformed_or_duplicate_json_payload_is_rejected) ... ok
test_rehashed_v2_non_exploratory_status_or_claim_is_rejected (tests_mvp.test_knowledge_backup.KnowledgeBackupTests.test_rehashed_v2_non_exploratory_status_or_claim_is_rejected) ... ok
test_rehashed_v2_payload_source_pin_hash_and_supersedes_are_validated (tests_mvp.test_knowledge_backup.KnowledgeBackupTests.test_rehashed_v2_payload_source_pin_hash_and_supersedes_are_validated) ... ok
test_rehashed_v2_physical_source_or_parent_reference_failure_is_rejected (tests_mvp.test_knowledge_backup.KnowledgeBackupTests.test_rehashed_v2_physical_source_or_parent_reference_failure_is_rejected) ... ok
test_rehashed_v2_receipts_reject_identifying_fields_invalid_ids_and_counts (tests_mvp.test_knowledge_backup.KnowledgeBackupTests.test_rehashed_v2_receipts_reject_identifying_fields_invalid_ids_and_counts) ... ok
test_restored_source_fk_and_parent_fk_cascade_across_different_sources (tests_mvp.test_knowledge_backup.KnowledgeBackupTests.test_restored_source_fk_and_parent_fk_cascade_across_different_sources) ... ok
test_supported_manifest_version_must_match_actual_unmodified_database (tests_mvp.test_knowledge_backup.KnowledgeBackupTests.test_supported_manifest_version_must_match_actual_unmodified_database) ... ok
test_unsupported_actual_v2_claims_never_publish_or_mutate_sources (tests_mvp.test_knowledge_backup.KnowledgeBackupTests.test_unsupported_actual_v2_claims_never_publish_or_mutate_sources) ... ok
test_v2_existing_destinations_are_preserved (tests_mvp.test_knowledge_backup.KnowledgeBackupTests.test_v2_existing_destinations_are_preserved) ... ok
test_v2_roundtrip_retains_all_versions_source_notes_and_private_count_receipts (tests_mvp.test_knowledge_backup.KnowledgeBackupTests.test_v2_roundtrip_retains_all_versions_source_notes_and_private_count_receipts) ... ok
test_valid_v1_roundtrip_remains_v1_until_explicit_current_store_open (tests_mvp.test_knowledge_backup.KnowledgeBackupTests.test_valid_v1_roundtrip_remains_v1_until_explicit_current_store_open) ... ok

----------------------------------------------------------------------
Ran 61 tests in 1.872s

OK
