test_actual_empty_main_v2_roundtrip_keeps_two_database_format1 (tests_mvp.test_draft_backup.DraftBackupTests.test_actual_empty_main_v2_roundtrip_keeps_two_database_format1) ... FAIL
test_main_v2_claim_without_physical_draft_tables_never_publishes (tests_mvp.test_draft_backup.DraftBackupTests.test_main_v2_claim_without_physical_draft_tables_never_publishes) ... ok

======================================================================
FAIL: test_actual_empty_main_v2_roundtrip_keeps_two_database_format1 (tests_mvp.test_draft_backup.DraftBackupTests.test_actual_empty_main_v2_roundtrip_keeps_two_database_format1)
----------------------------------------------------------------------
Traceback (most recent call last):
  File "/workspace/scratch/b091e55de8cd/lol-coach/tests_mvp/test_draft_backup.py", line 47, in test_actual_empty_main_v2_roundtrip_keeps_two_database_format1
    result = recovery.backup(self.main, self.archive)
             ^^^^^^^^^^^^^^^^^^^^^^^^^^^^^^^^^^^^^^^^
  File "/workspace/scratch/b091e55de8cd/lol-coach/coach_v1/backup.py", line 372, in backup
    _validate_database(stage / member, member)
  File "/workspace/scratch/b091e55de8cd/lol-coach/coach_v1/backup.py", line 243, in _validate_database
    raise BackupError('INCOMPATIBLE_SCHEMA', 'Unsupported database schema version: ' + member)
coach_v1.backup.BackupError: Unsupported database schema version: workbench.sqlite

During handling of the above exception, another exception occurred:

Traceback (most recent call last):
  File "/workspace/scratch/b091e55de8cd/lol-coach/tests_mvp/test_draft_backup.py", line 49, in test_actual_empty_main_v2_roundtrip_keeps_two_database_format1
    self.fail('A genuine exact main-v2 database must back up; got ' + error.code)
AssertionError: A genuine exact main-v2 database must back up; got INCOMPATIBLE_SCHEMA

----------------------------------------------------------------------
Ran 2 tests in 0.008s

FAILED (failures=1)
