test_backup_restore_never_constructs_or_migrates_application_stores (tests_mvp.test_knowledge_backup.KnowledgeBackupTests.test_backup_restore_never_constructs_or_migrates_application_stores) ... ok
test_cli_preserves_structured_missing_dependency_error_without_eager_startup (tests_mvp.test_knowledge_backup.KnowledgeBackupTests.test_cli_preserves_structured_missing_dependency_error_without_eager_startup) ... ok
test_committed_v2_wal_rows_are_copied_without_source_checkpoint (tests_mvp.test_knowledge_backup.KnowledgeBackupTests.test_committed_v2_wal_rows_are_copied_without_source_checkpoint) ... ok
test_current_workbench_reopens_complete_restored_v2 (tests_mvp.test_knowledge_backup.KnowledgeBackupTests.test_current_workbench_reopens_complete_restored_v2) ... ok
test_hash_verification_precedes_supported_schema_metadata_crosscheck (tests_mvp.test_knowledge_backup.KnowledgeBackupTests.test_hash_verification_precedes_supported_schema_metadata_crosscheck) ... ok
test_invalid_v2_source_content_never_publishes_backup (tests_mvp.test_knowledge_backup.KnowledgeBackupTests.test_invalid_v2_source_content_never_publishes_backup) ... ok
test_manifest_never_admits_main_v2_research_v3_or_boolean_versions (tests_mvp.test_knowledge_backup.KnowledgeBackupTests.test_manifest_never_admits_main_v2_research_v3_or_boolean_versions) ... ok
test_rehashed_v2_extra_objects_and_removed_source_or_parent_fk_are_rejected (tests_mvp.test_knowledge_backup.KnowledgeBackupTests.test_rehashed_v2_extra_objects_and_removed_source_or_parent_fk_are_rejected) ... ok
test_rehashed_v2_malformed_or_duplicate_json_payload_is_rejected (tests_mvp.test_knowledge_backup.KnowledgeBackupTests.test_rehashed_v2_malformed_or_duplicate_json_payload_is_rejected) ... ok
test_rehashed_v2_non_exploratory_status_or_claim_is_rejected (tests_mvp.test_knowledge_backup.KnowledgeBackupTests.test_rehashed_v2_non_exploratory_status_or_claim_is_rejected) ... ok
test_rehashed_v2_payload_source_pin_hash_and_supersedes_are_validated (tests_mvp.test_knowledge_backup.KnowledgeBackupTests.test_rehashed_v2_payload_source_pin_hash_and_supersedes_are_validated) ... ok
test_rehashed_v2_physical_source_or_parent_reference_failure_is_rejected (tests_mvp.test_knowledge_backup.KnowledgeBackupTests.test_rehashed_v2_physical_source_or_parent_reference_failure_is_rejected) ... ok
test_rehashed_v2_receipts_reject_identifying_fields_invalid_ids_and_counts (tests_mvp.test_knowledge_backup.KnowledgeBackupTests.test_rehashed_v2_receipts_reject_identifying_fields_invalid_ids_and_counts) ... ok
test_restored_source_fk_and_parent_fk_cascade_across_different_sources (tests_mvp.test_knowledge_backup.KnowledgeBackupTests.test_restored_source_fk_and_parent_fk_cascade_across_different_sources) ... ok
test_supported_manifest_version_must_match_actual_unmodified_database (tests_mvp.test_knowledge_backup.KnowledgeBackupTests.test_supported_manifest_version_must_match_actual_unmodified_database) ... ok
test_unsupported_actual_v2_claims_never_publish_or_mutate_sources (tests_mvp.test_knowledge_backup.KnowledgeBackupTests.test_unsupported_actual_v2_claims_never_publish_or_mutate_sources) ... ok
test_v2_existing_destinations_are_preserved (tests_mvp.test_knowledge_backup.KnowledgeBackupTests.test_v2_existing_destinations_are_preserved) ... ok
test_v2_roundtrip_retains_all_versions_source_notes_and_private_count_receipts (tests_mvp.test_knowledge_backup.KnowledgeBackupTests.test_v2_roundtrip_retains_all_versions_source_notes_and_private_count_receipts) ... ok
test_valid_v1_roundtrip_remains_v1_until_explicit_current_store_open (tests_mvp.test_knowledge_backup.KnowledgeBackupTests.test_valid_v1_roundtrip_remains_v1_until_explicit_current_store_open) ... ok

----------------------------------------------------------------------
Ran 19 tests in 0.756s

OK
