test_auth_host_origin_and_same_site_protection_do_not_create (tests_mvp.test_draft_http.DraftHTTPTests.test_auth_host_origin_and_same_site_protection_do_not_create) ... ok
test_capture_id_never_becomes_legacy_case_review_or_real_mode (tests_mvp.test_draft_http.DraftHTTPTests.test_capture_id_never_becomes_legacy_case_review_or_real_mode) ... ok
test_concurrent_same_revision_writers_commit_one_history_successor (tests_mvp.test_draft_http.DraftHTTPTests.test_concurrent_same_revision_writers_commit_one_history_successor) ... ok
test_content_length_cap_rejects_before_any_capture_write (tests_mvp.test_draft_http.DraftHTTPTests.test_content_length_cap_rejects_before_any_capture_write) ... ok
test_declared_timezone_timestamp_preserved_and_naive_time_rejected (tests_mvp.test_draft_http.DraftHTTPTests.test_declared_timezone_timestamp_preserved_and_naive_time_rejected) ... ok
test_delete_physically_removes_current_and_all_snapshot_payloads (tests_mvp.test_draft_http.DraftHTTPTests.test_delete_physically_removes_current_and_all_snapshot_payloads) ... ok
test_draft_saves_require_one_valid_idempotency_key_without_writing (tests_mvp.test_draft_http.DraftHTTPTests.test_draft_saves_require_one_valid_idempotency_key_without_writing) ... ok
test_duplicate_json_keys_nonfinite_and_malformed_utf8_are_rejected (tests_mvp.test_draft_http.DraftHTTPTests.test_duplicate_json_keys_nonfinite_and_malformed_utf8_are_rejected) ... ok
test_exact_capture_fields_reject_injected_verification_and_real_modes (tests_mvp.test_draft_http.DraftHTTPTests.test_exact_capture_fields_reject_injected_verification_and_real_modes) ... ok
test_expected_revision_is_required_strict_integer_and_missing_revision_is_not_latest (tests_mvp.test_draft_http.DraftHTTPTests.test_expected_revision_is_required_strict_integer_and_missing_revision_is_not_latest) ... ok
test_idempotent_create_and_update_replay_exact_success_after_restart (tests_mvp.test_draft_http.DraftHTTPTests.test_idempotent_create_and_update_replay_exact_success_after_restart) ... ok
test_list_current_and_immutable_history_keep_exact_old_input (tests_mvp.test_draft_http.DraftHTTPTests.test_list_current_and_immutable_history_keep_exact_old_input) ... ok
test_partial_create_preserves_null_and_unverified_provenance (tests_mvp.test_draft_http.DraftHTTPTests.test_partial_create_preserves_null_and_unverified_provenance) ... ok
test_rows_reject_boolean_slot_duplicate_side_slot_and_observer_perspective (tests_mvp.test_draft_http.DraftHTTPTests.test_rows_reject_boolean_slot_duplicate_side_slot_and_observer_perspective) ... ok
test_same_idempotency_key_different_request_conflicts_and_new_key_keeps_cas (tests_mvp.test_draft_http.DraftHTTPTests.test_same_idempotency_key_different_request_conflicts_and_new_key_keeps_cas) ... ok
test_stale_update_and_delete_do_not_overwrite_current_or_history (tests_mvp.test_draft_http.DraftHTTPTests.test_stale_update_and_delete_do_not_overwrite_current_or_history) ... ok
test_unknown_empty_arrays_survive_actual_server_restart (tests_mvp.test_draft_http.DraftHTTPTests.test_unknown_empty_arrays_survive_actual_server_restart) ... ok

----------------------------------------------------------------------
Ran 17 tests in 10.305s

OK
